C:/Users/orhan/STM32CubeIDE/workspace_1.13.1/chip_headers/CMSIS/Include/core_cm4.h:1688:22:__NVIC_EnableIRQ	16	static
../Src/i2c_dma.c:44:6:i2c1_gpio_init	4	static
../Src/i2c_dma.c:95:6:i2c1_dma1_stream6_tx_init	8	static
../Src/i2c_dma.c:117:6:i2c1_dma1_stream5_rx_init	8	static
../Src/i2c_dma.c:139:6:i2c1_dma1_stream6_transfer	16	static
../Src/i2c_dma.c:159:6:i2c1_dma1_stream5_receive	16	static
../Src/i2c_dma.c:179:6:i2c_dma_read	16	static
../Src/i2c_dma.c:232:6:i2c_dma_write	16	static
../Src/i2c_dma.c:253:6:DMA1_Stream6_IRQHandler	4	static
../Src/i2c_dma.c:264:6:DMA1_Stream5_IRQHandler	4	static
