C:/Users/orhan/STM32CubeIDE/workspace_1.13.1/chip_headers/CMSIS/Include/core_cm4.h:1688:22:__NVIC_EnableIRQ	16	static
../Src/uart_dma.c:57:6:uart_rx_tx_init	8	static
../Src/uart_dma.c:98:6:dma1_init	8	static
../Src/uart_dma.c:105:6:dma1_stream5_uart_rx_config	8	static
../Src/uart_dma.c:142:6:dma1_stream6_uart_tx_config	16	static
../Src/uart_dma.c:172:13:set_brr	24	static
../Src/uart_dma.c:178:17:compute_brr	16	static
../Src/uart_dma.c:184:6:DMA1_Stream6_IRQHandler	4	static
../Src/uart_dma.c:196:6:DMA1_Stream5_IRQHandler	4	static
../Src/uart_dma.c:208:6:USART2_IRQHandler	4	static
