C:/Users/orhan/STM32CubeIDE/workspace_1.13.1/chip_headers/CMSIS/Include/core_cm4.h:1688:22:__NVIC_EnableIRQ	16	static
../Src/uart_dma.c:54:5:__io_putchar	16	static
../Src/uart_dma.c:59:6:uart_rx_tx_init	8	static
../Src/uart_dma.c:100:6:dma1_init	8	static
../Src/uart_dma.c:107:6:dma1_stream5_uart_rx_config	8	static
../Src/uart_dma.c:144:6:dma1_stream6_uart_tx_config	16	static
../Src/uart_dma.c:175:13:set_brr	24	static
../Src/uart_dma.c:181:17:compute_brr	16	static
../Src/uart_dma.c:186:6:DMA1_Stream6_IRQHandler	4	static
../Src/uart_dma.c:197:6:DMA1_Stream5_IRQHandler	4	static
../Src/uart_dma.c:209:6:USART2_IRQHandler	4	static
